------------------------------------------------------------
TimeQuest Timing Analyzer Summary
------------------------------------------------------------

Type  : Setup 'pll_hdmi|pll_hdmi_inst|altera_pll_i|cyclonev_pll|counter[0].output_counter|divclk'
Slack : 0.013
TNS   : 0.000

Type  : Setup 'emu|pll|pll_inst|altera_pll_i|general[1].gpll~PLL_OUTPUT_COUNTER|divclk'
Slack : 1.295
TNS   : 0.000

Type  : Setup 'sysmem|fpga_interfaces|clocks_resets|h2f_user0_clk'
Slack : 3.383
TNS   : 0.000

Type  : Setup 'emu|pll|pll_inst|altera_pll_i|general[2].gpll~PLL_OUTPUT_COUNTER|divclk'
Slack : 3.389
TNS   : 0.000

Type  : Setup 'FPGA_CLK1_50'
Slack : 4.793
TNS   : 0.000

Type  : Setup 'spi_sck'
Slack : 5.292
TNS   : 0.000

Type  : Setup 'emu|pll|pll_inst|altera_pll_i|general[0].gpll~PLL_OUTPUT_COUNTER|divclk'
Slack : 9.198
TNS   : 0.000

Type  : Setup 'FPGA_CLK2_50'
Slack : 12.690
TNS   : 0.000

Type  : Setup 'pll_audio|pll_audio_inst|altera_pll_i|general[0].gpll~PLL_OUTPUT_COUNTER|divclk'
Slack : 15.915
TNS   : 0.000

Type  : Hold 'emu|pll|pll_inst|altera_pll_i|general[0].gpll~PLL_OUTPUT_COUNTER|divclk'
Slack : 0.246
TNS   : 0.000

Type  : Hold 'pll_audio|pll_audio_inst|altera_pll_i|general[0].gpll~PLL_OUTPUT_COUNTER|divclk'
Slack : 0.248
TNS   : 0.000

Type  : Hold 'FPGA_CLK1_50'
Slack : 0.285
TNS   : 0.000

Type  : Hold 'emu|pll|pll_inst|altera_pll_i|general[2].gpll~PLL_OUTPUT_COUNTER|divclk'
Slack : 0.312
TNS   : 0.000

Type  : Hold 'pll_hdmi|pll_hdmi_inst|altera_pll_i|cyclonev_pll|counter[0].output_counter|divclk'
Slack : 0.339
TNS   : 0.000

Type  : Hold 'spi_sck'
Slack : 0.351
TNS   : 0.000

Type  : Hold 'emu|pll|pll_inst|altera_pll_i|general[1].gpll~PLL_OUTPUT_COUNTER|divclk'
Slack : 0.357
TNS   : 0.000

Type  : Hold 'sysmem|fpga_interfaces|clocks_resets|h2f_user0_clk'
Slack : 0.361
TNS   : 0.000

Type  : Hold 'FPGA_CLK2_50'
Slack : 0.385
TNS   : 0.000

Type  : Recovery 'emu|pll|pll_inst|altera_pll_i|general[2].gpll~PLL_OUTPUT_COUNTER|divclk'
Slack : 1.660
TNS   : 0.000

Type  : Recovery 'pll_hdmi|pll_hdmi_inst|altera_pll_i|cyclonev_pll|counter[0].output_counter|divclk'
Slack : 3.795
TNS   : 0.000

Type  : Recovery 'sysmem|fpga_interfaces|clocks_resets|h2f_user0_clk'
Slack : 6.791
TNS   : 0.000

Type  : Recovery 'FPGA_CLK1_50'
Slack : 15.355
TNS   : 0.000

Type  : Recovery 'emu|pll|pll_inst|altera_pll_i|general[0].gpll~PLL_OUTPUT_COUNTER|divclk'
Slack : 15.985
TNS   : 0.000

Type  : Recovery 'emu|pll|pll_inst|altera_pll_i|general[1].gpll~PLL_OUTPUT_COUNTER|divclk'
Slack : 33.845
TNS   : 0.000

Type  : Removal 'emu|pll|pll_inst|altera_pll_i|general[2].gpll~PLL_OUTPUT_COUNTER|divclk'
Slack : 0.717
TNS   : 0.000

Type  : Removal 'pll_hdmi|pll_hdmi_inst|altera_pll_i|cyclonev_pll|counter[0].output_counter|divclk'
Slack : 1.312
TNS   : 0.000

Type  : Removal 'FPGA_CLK1_50'
Slack : 1.493
TNS   : 0.000

Type  : Removal 'emu|pll|pll_inst|altera_pll_i|general[1].gpll~PLL_OUTPUT_COUNTER|divclk'
Slack : 1.798
TNS   : 0.000

Type  : Removal 'sysmem|fpga_interfaces|clocks_resets|h2f_user0_clk'
Slack : 2.026
TNS   : 0.000

Type  : Removal 'emu|pll|pll_inst|altera_pll_i|general[0].gpll~PLL_OUTPUT_COUNTER|divclk'
Slack : 2.039
TNS   : 0.000

Type  : Minimum Pulse Width 'pll_hdmi|pll_hdmi_inst|altera_pll_i|cyclonev_pll|fpll_0|fpll|vcoph[0]'
Slack : 1.122
TNS   : 0.000

Type  : Minimum Pulse Width 'pll_audio|pll_audio_inst|altera_pll_i|general[0].gpll~FRACTIONAL_PLL|vcoph[0]'
Slack : 1.196
TNS   : 0.000

Type  : Minimum Pulse Width 'emu|pll|pll_inst|altera_pll_i|general[0].gpll~FRACTIONAL_PLL|vcoph[0]'
Slack : 1.666
TNS   : 0.000

Type  : Minimum Pulse Width 'pll_hdmi|pll_hdmi_inst|altera_pll_i|cyclonev_pll|counter[0].output_counter|divclk'
Slack : 1.930
TNS   : 0.000

Type  : Minimum Pulse Width 'sysmem|fpga_interfaces|clocks_resets|h2f_user0_clk'
Slack : 3.588
TNS   : 0.000

Type  : Minimum Pulse Width 'spi_sck'
Slack : 4.212
TNS   : 0.000

Type  : Minimum Pulse Width 'emu|pll|pll_inst|altera_pll_i|general[0].gpll~PLL_OUTPUT_COUNTER|divclk'
Slack : 8.564
TNS   : 0.000

Type  : Minimum Pulse Width 'FPGA_CLK1_50'
Slack : 9.195
TNS   : 0.000

Type  : Minimum Pulse Width 'FPGA_CLK2_50'
Slack : 9.216
TNS   : 0.000

Type  : Minimum Pulse Width 'FPGA_CLK3_50'
Slack : 9.730
TNS   : 0.000

Type  : Minimum Pulse Width 'emu|pll|pll_inst|altera_pll_i|general[1].gpll~PLL_OUTPUT_COUNTER|divclk'
Slack : 18.578
TNS   : 0.000

Type  : Minimum Pulse Width 'pll_audio|pll_audio_inst|altera_pll_i|general[0].gpll~PLL_OUTPUT_COUNTER|divclk'
Slack : 18.926
TNS   : 0.000

Type  : Minimum Pulse Width 'emu|pll|pll_inst|altera_pll_i|general[2].gpll~PLL_OUTPUT_COUNTER|divclk'
Slack : 81.913
TNS   : 0.000

------------------------------------------------------------
