------------------------------------------------------------
TimeQuest Timing Analyzer Summary
------------------------------------------------------------

Type  : Setup 'pll_hdmi|pll_hdmi_inst|altera_pll_i|cyclonev_pll|counter[0].output_counter|divclk'
Slack : 0.709
TNS   : 0.000

Type  : Setup 'sysmem|fpga_interfaces|clocks_resets|h2f_user0_clk'
Slack : 3.434
TNS   : 0.000

Type  : Setup 'FPGA_CLK2_50'
Slack : 4.511
TNS   : 0.000

Type  : Setup 'FPGA_CLK1_50'
Slack : 5.107
TNS   : 0.000

Type  : Setup 'spi_sck'
Slack : 5.320
TNS   : 0.000

Type  : Setup 'emu|pll|pll_inst|altera_pll_i|cyclonev_pll|counter[1].output_counter|divclk'
Slack : 5.373
TNS   : 0.000

Type  : Setup 'emu|pll|pll_inst|altera_pll_i|cyclonev_pll|counter[0].output_counter|divclk'
Slack : 9.422
TNS   : 0.000

Type  : Setup 'pll_audio|pll_audio_inst|altera_pll_i|general[0].gpll~PLL_OUTPUT_COUNTER|divclk'
Slack : 16.079
TNS   : 0.000

Type  : Hold 'emu|pll|pll_inst|altera_pll_i|cyclonev_pll|counter[0].output_counter|divclk'
Slack : 0.249
TNS   : 0.000

Type  : Hold 'emu|pll|pll_inst|altera_pll_i|cyclonev_pll|counter[1].output_counter|divclk'
Slack : 0.252
TNS   : 0.000

Type  : Hold 'pll_audio|pll_audio_inst|altera_pll_i|general[0].gpll~PLL_OUTPUT_COUNTER|divclk'
Slack : 0.254
TNS   : 0.000

Type  : Hold 'pll_hdmi|pll_hdmi_inst|altera_pll_i|cyclonev_pll|counter[0].output_counter|divclk'
Slack : 0.260
TNS   : 0.000

Type  : Hold 'sysmem|fpga_interfaces|clocks_resets|h2f_user0_clk'
Slack : 0.313
TNS   : 0.000

Type  : Hold 'FPGA_CLK1_50'
Slack : 0.388
TNS   : 0.000

Type  : Hold 'FPGA_CLK2_50'
Slack : 0.431
TNS   : 0.000

Type  : Hold 'spi_sck'
Slack : 0.456
TNS   : 0.000

Type  : Recovery 'pll_hdmi|pll_hdmi_inst|altera_pll_i|cyclonev_pll|counter[0].output_counter|divclk'
Slack : 4.163
TNS   : 0.000

Type  : Recovery 'sysmem|fpga_interfaces|clocks_resets|h2f_user0_clk'
Slack : 7.092
TNS   : 0.000

Type  : Recovery 'emu|pll|pll_inst|altera_pll_i|cyclonev_pll|counter[1].output_counter|divclk'
Slack : 14.208
TNS   : 0.000

Type  : Recovery 'FPGA_CLK1_50'
Slack : 15.604
TNS   : 0.000

Type  : Recovery 'FPGA_CLK2_50'
Slack : 16.716
TNS   : 0.000

Type  : Recovery 'emu|pll|pll_inst|altera_pll_i|cyclonev_pll|counter[0].output_counter|divclk'
Slack : 26.943
TNS   : 0.000

Type  : Removal 'emu|pll|pll_inst|altera_pll_i|cyclonev_pll|counter[0].output_counter|divclk'
Slack : 0.711
TNS   : 0.000

Type  : Removal 'pll_hdmi|pll_hdmi_inst|altera_pll_i|cyclonev_pll|counter[0].output_counter|divclk'
Slack : 0.927
TNS   : 0.000

Type  : Removal 'FPGA_CLK1_50'
Slack : 1.218
TNS   : 0.000

Type  : Removal 'sysmem|fpga_interfaces|clocks_resets|h2f_user0_clk'
Slack : 1.328
TNS   : 0.000

Type  : Removal 'emu|pll|pll_inst|altera_pll_i|cyclonev_pll|counter[1].output_counter|divclk'
Slack : 1.560
TNS   : 0.000

Type  : Removal 'FPGA_CLK2_50'
Slack : 1.569
TNS   : 0.000

Type  : Minimum Pulse Width 'emu|pll|pll_inst|altera_pll_i|cyclonev_pll|fpll_0|fpll|vcoph[0]'
Slack : 1.101
TNS   : 0.000

Type  : Minimum Pulse Width 'pll_hdmi|pll_hdmi_inst|altera_pll_i|cyclonev_pll|fpll_0|fpll|vcoph[0]'
Slack : 1.122
TNS   : 0.000

Type  : Minimum Pulse Width 'pll_audio|pll_audio_inst|altera_pll_i|general[0].gpll~FRACTIONAL_PLL|vcoph[0]'
Slack : 1.196
TNS   : 0.000

Type  : Minimum Pulse Width 'pll_hdmi|pll_hdmi_inst|altera_pll_i|cyclonev_pll|counter[0].output_counter|divclk'
Slack : 1.939
TNS   : 0.000

Type  : Minimum Pulse Width 'sysmem|fpga_interfaces|clocks_resets|h2f_user0_clk'
Slack : 3.586
TNS   : 0.000

Type  : Minimum Pulse Width 'spi_sck'
Slack : 4.261
TNS   : 0.000

Type  : Minimum Pulse Width 'emu|pll|pll_inst|altera_pll_i|cyclonev_pll|counter[1].output_counter|divclk'
Slack : 7.384
TNS   : 0.000

Type  : Minimum Pulse Width 'FPGA_CLK1_50'
Slack : 9.206
TNS   : 0.000

Type  : Minimum Pulse Width 'FPGA_CLK2_50'
Slack : 9.214
TNS   : 0.000

Type  : Minimum Pulse Width 'FPGA_CLK3_50'
Slack : 9.730
TNS   : 0.000

Type  : Minimum Pulse Width 'emu|pll|pll_inst|altera_pll_i|cyclonev_pll|counter[0].output_counter|divclk'
Slack : 16.183
TNS   : 0.000

Type  : Minimum Pulse Width 'pll_audio|pll_audio_inst|altera_pll_i|general[0].gpll~PLL_OUTPUT_COUNTER|divclk'
Slack : 18.902
TNS   : 0.000

------------------------------------------------------------
