------------------------------------------------------------
TimeQuest Timing Analyzer Summary
------------------------------------------------------------

Type  : Setup 'pll_hdmi|pll_hdmi_inst|altera_pll_i|cyclonev_pll|counter[0].output_counter|divclk'
Slack : 0.457
TNS   : 0.000

Type  : Setup 'FPGA_CLK1_50'
Slack : 3.767
TNS   : 0.000

Type  : Setup 'emu|pll|pll_inst|altera_pll_i|general[1].gpll~PLL_OUTPUT_COUNTER|divclk'
Slack : 4.343
TNS   : 0.000

Type  : Setup 'sysmem|fpga_interfaces|clocks_resets|h2f_user0_clk'
Slack : 4.628
TNS   : 0.000

Type  : Setup 'spi_sck'
Slack : 5.706
TNS   : 0.000

Type  : Setup 'emu|pll|pll_inst|altera_pll_i|general[0].gpll~PLL_OUTPUT_COUNTER|divclk'
Slack : 9.471
TNS   : 0.000

Type  : Setup 'FPGA_CLK2_50'
Slack : 13.278
TNS   : 0.000

Type  : Setup 'pll_audio|pll_audio_inst|altera_pll_i|general[0].gpll~PLL_OUTPUT_COUNTER|divclk'
Slack : 16.486
TNS   : 0.000

Type  : Hold 'emu|pll|pll_inst|altera_pll_i|general[1].gpll~PLL_OUTPUT_COUNTER|divclk'
Slack : 0.252
TNS   : 0.000

Type  : Hold 'pll_hdmi|pll_hdmi_inst|altera_pll_i|cyclonev_pll|counter[0].output_counter|divclk'
Slack : 0.259
TNS   : 0.000

Type  : Hold 'pll_audio|pll_audio_inst|altera_pll_i|general[0].gpll~PLL_OUTPUT_COUNTER|divclk'
Slack : 0.272
TNS   : 0.000

Type  : Hold 'FPGA_CLK1_50'
Slack : 0.286
TNS   : 0.000

Type  : Hold 'sysmem|fpga_interfaces|clocks_resets|h2f_user0_clk'
Slack : 0.318
TNS   : 0.000

Type  : Hold 'spi_sck'
Slack : 0.340
TNS   : 0.000

Type  : Hold 'emu|pll|pll_inst|altera_pll_i|general[0].gpll~PLL_OUTPUT_COUNTER|divclk'
Slack : 0.372
TNS   : 0.000

Type  : Hold 'FPGA_CLK2_50'
Slack : 0.419
TNS   : 0.000

Type  : Recovery 'pll_hdmi|pll_hdmi_inst|altera_pll_i|cyclonev_pll|counter[0].output_counter|divclk'
Slack : 3.866
TNS   : 0.000

Type  : Recovery 'sysmem|fpga_interfaces|clocks_resets|h2f_user0_clk'
Slack : 6.573
TNS   : 0.000

Type  : Recovery 'emu|pll|pll_inst|altera_pll_i|general[1].gpll~PLL_OUTPUT_COUNTER|divclk'
Slack : 13.949
TNS   : 0.000

Type  : Recovery 'FPGA_CLK1_50'
Slack : 14.645
TNS   : 0.000

Type  : Recovery 'emu|pll|pll_inst|altera_pll_i|general[0].gpll~PLL_OUTPUT_COUNTER|divclk'
Slack : 66.522
TNS   : 0.000

Type  : Removal 'FPGA_CLK1_50'
Slack : 1.164
TNS   : 0.000

Type  : Removal 'pll_hdmi|pll_hdmi_inst|altera_pll_i|cyclonev_pll|counter[0].output_counter|divclk'
Slack : 1.353
TNS   : 0.000

Type  : Removal 'sysmem|fpga_interfaces|clocks_resets|h2f_user0_clk'
Slack : 1.465
TNS   : 0.000

Type  : Removal 'emu|pll|pll_inst|altera_pll_i|general[0].gpll~PLL_OUTPUT_COUNTER|divclk'
Slack : 1.848
TNS   : 0.000

Type  : Removal 'emu|pll|pll_inst|altera_pll_i|general[1].gpll~PLL_OUTPUT_COUNTER|divclk'
Slack : 2.194
TNS   : 0.000

Type  : Minimum Pulse Width 'emu|pll|pll_inst|altera_pll_i|general[0].gpll~FRACTIONAL_PLL|vcoph[0]'
Slack : 1.091
TNS   : 0.000

Type  : Minimum Pulse Width 'pll_hdmi|pll_hdmi_inst|altera_pll_i|cyclonev_pll|fpll_0|fpll|vcoph[0]'
Slack : 1.122
TNS   : 0.000

Type  : Minimum Pulse Width 'pll_audio|pll_audio_inst|altera_pll_i|general[0].gpll~FRACTIONAL_PLL|vcoph[0]'
Slack : 1.196
TNS   : 0.000

Type  : Minimum Pulse Width 'pll_hdmi|pll_hdmi_inst|altera_pll_i|cyclonev_pll|counter[0].output_counter|divclk'
Slack : 1.931
TNS   : 0.000

Type  : Minimum Pulse Width 'sysmem|fpga_interfaces|clocks_resets|h2f_user0_clk'
Slack : 3.607
TNS   : 0.000

Type  : Minimum Pulse Width 'spi_sck'
Slack : 4.256
TNS   : 0.000

Type  : Minimum Pulse Width 'emu|pll|pll_inst|altera_pll_i|general[1].gpll~PLL_OUTPUT_COUNTER|divclk'
Slack : 7.310
TNS   : 0.000

Type  : Minimum Pulse Width 'FPGA_CLK1_50'
Slack : 9.204
TNS   : 0.000

Type  : Minimum Pulse Width 'FPGA_CLK2_50'
Slack : 9.210
TNS   : 0.000

Type  : Minimum Pulse Width 'FPGA_CLK3_50'
Slack : 9.730
TNS   : 0.000

Type  : Minimum Pulse Width 'pll_audio|pll_audio_inst|altera_pll_i|general[0].gpll~PLL_OUTPUT_COUNTER|divclk'
Slack : 18.911
TNS   : 0.000

Type  : Minimum Pulse Width 'emu|pll|pll_inst|altera_pll_i|general[0].gpll~PLL_OUTPUT_COUNTER|divclk'
Slack : 68.405
TNS   : 0.000

------------------------------------------------------------
