------------------------------------------------------------
TimeQuest Timing Analyzer Summary
------------------------------------------------------------

Type  : Setup 'pll_hdmi|pll_hdmi_inst|altera_pll_i|cyclonev_pll|counter[0].output_counter|divclk'
Slack : -4.414
TNS   : -146.065

Type  : Setup 'HDMI_CLK'
Slack : 0.067
TNS   : 0.000

Type  : Setup 'sysmem|fpga_interfaces|clocks_resets|h2f_user0_clk'
Slack : 4.043
TNS   : 0.000

Type  : Setup 'FPGA_CLK1_50'
Slack : 4.266
TNS   : 0.000

Type  : Setup 'spi_sck'
Slack : 4.797
TNS   : 0.000

Type  : Setup 'FPGA_CLK3_50'
Slack : 6.350
TNS   : 0.000

Type  : Setup 'emu|pll|pll_inst|altera_pll_i|general[1].gpll~PLL_OUTPUT_COUNTER|divclk'
Slack : 11.332
TNS   : 0.000

Type  : Setup 'FPGA_CLK2_50'
Slack : 13.803
TNS   : 0.000

Type  : Hold 'HDMI_CLK'
Slack : 0.038
TNS   : 0.000

Type  : Hold 'pll_hdmi|pll_hdmi_inst|altera_pll_i|cyclonev_pll|counter[0].output_counter|divclk'
Slack : 0.207
TNS   : 0.000

Type  : Hold 'emu|pll|pll_inst|altera_pll_i|general[1].gpll~PLL_OUTPUT_COUNTER|divclk'
Slack : 0.253
TNS   : 0.000

Type  : Hold 'FPGA_CLK1_50'
Slack : 0.284
TNS   : 0.000

Type  : Hold 'FPGA_CLK3_50'
Slack : 0.300
TNS   : 0.000

Type  : Hold 'sysmem|fpga_interfaces|clocks_resets|h2f_user0_clk'
Slack : 0.301
TNS   : 0.000

Type  : Hold 'spi_sck'
Slack : 0.359
TNS   : 0.000

Type  : Hold 'FPGA_CLK2_50'
Slack : 0.444
TNS   : 0.000

Type  : Recovery 'pll_hdmi|pll_hdmi_inst|altera_pll_i|cyclonev_pll|counter[0].output_counter|divclk'
Slack : 3.227
TNS   : 0.000

Type  : Recovery 'sysmem|fpga_interfaces|clocks_resets|h2f_user0_clk'
Slack : 6.997
TNS   : 0.000

Type  : Recovery 'FPGA_CLK1_50'
Slack : 10.259
TNS   : 0.000

Type  : Recovery 'FPGA_CLK3_50'
Slack : 13.689
TNS   : 0.000

Type  : Recovery 'emu|pll|pll_inst|altera_pll_i|general[1].gpll~PLL_OUTPUT_COUNTER|divclk'
Slack : 35.547
TNS   : 0.000

Type  : Removal 'FPGA_CLK1_50'
Slack : 0.973
TNS   : 0.000

Type  : Removal 'sysmem|fpga_interfaces|clocks_resets|h2f_user0_clk'
Slack : 1.081
TNS   : 0.000

Type  : Removal 'emu|pll|pll_inst|altera_pll_i|general[1].gpll~PLL_OUTPUT_COUNTER|divclk'
Slack : 1.083
TNS   : 0.000

Type  : Removal 'pll_hdmi|pll_hdmi_inst|altera_pll_i|cyclonev_pll|counter[0].output_counter|divclk'
Slack : 1.103
TNS   : 0.000

Type  : Removal 'FPGA_CLK3_50'
Slack : 2.798
TNS   : 0.000

Type  : Minimum Pulse Width 'pll_hdmi|pll_hdmi_inst|altera_pll_i|cyclonev_pll|fpll_0|fpll|vcoph[0]'
Slack : 1.122
TNS   : 0.000

Type  : Minimum Pulse Width 'emu|pll|pll_inst|altera_pll_i|general[0].gpll~FRACTIONAL_PLL|vcoph[0]'
Slack : 1.250
TNS   : 0.000

Type  : Minimum Pulse Width 'pll_hdmi|pll_hdmi_inst|altera_pll_i|cyclonev_pll|counter[0].output_counter|divclk'
Slack : 1.942
TNS   : 0.000

Type  : Minimum Pulse Width 'sysmem|fpga_interfaces|clocks_resets|h2f_user0_clk'
Slack : 3.584
TNS   : 0.000

Type  : Minimum Pulse Width 'spi_sck'
Slack : 4.251
TNS   : 0.000

Type  : Minimum Pulse Width 'FPGA_CLK3_50'
Slack : 8.835
TNS   : 0.000

Type  : Minimum Pulse Width 'FPGA_CLK1_50'
Slack : 9.164
TNS   : 0.000

Type  : Minimum Pulse Width 'FPGA_CLK2_50'
Slack : 9.177
TNS   : 0.000

Type  : Minimum Pulse Width 'emu|pll|pll_inst|altera_pll_i|general[1].gpll~PLL_OUTPUT_COUNTER|divclk'
Slack : 18.550
TNS   : 0.000

------------------------------------------------------------
